+ INPUT=/results/liftover/transanno/HG002_dragen_chr22.hg19.nochr.vcf.gz
++ mktemp
+ CHR_MAP=/tmp/tmp.azz46o9aS5
+ bcftools view -h /results/liftover/source/HG002_dragen_chr22.hg19.vcf.gz
+ awk 'BEGIN{OFS="\t"} /^##contig=<ID=/ {
            contig=$0;
            sub(/^##contig=<ID=/,"",contig);
            sub(/[,>].*$/,"",contig);
            if(contig ~ /^chr/){
                target=substr(contig,4);
                if(target=="M") target="MT";
                print contig,target;
            }
        }'
+ '[' -s /tmp/tmp.azz46o9aS5 ']'
+ bcftools view -Oz -o /results/liftover/transanno/HG002_dragen_chr22.hg19.nochr.vcf.gz /results/liftover/source/HG002_dragen_chr22.hg19.vcf.gz
+ bcftools index -f -t /results/liftover/transanno/HG002_dragen_chr22.hg19.nochr.vcf.gz
+ rm -f /tmp/tmp.azz46o9aS5
+ transanno liftvcf --original-assembly /ref/hg19/hg19_nochr_fixed.fa --new-assembly /ref/hg38/hg38.fa --chain /app/regions/chain/transanno.hg19tohg38.chain --vcf /results/liftover/transanno/HG002_dragen_chr22.hg19.nochr.vcf.gz --output /results/liftover/transanno/HG002_dragen_chr22.hg38.raw.vcf --fail /results/liftover/transanno/HG002_dragen_chr22.rejected.vcf
 WARN  liftover::vcflift > Rewriting FORMAT with Number=G is not implemented.
    Total record: 517
   Mapped record: 510
 Unmapped record: 7
+ python3 /app/liftover/normalize_sv_coordinates.py --source /results/liftover/source/HG002_dragen_chr22.hg19.vcf.gz --lifted /results/liftover/transanno/HG002_dragen_chr22.hg38.raw.vcf --chain /app/regions/chain/transanno.hg19tohg38.chain --target-fasta /ref/hg38/hg38.fa --tool transanno --output /results/liftover/transanno/HG002_dragen_chr22.hg38.normalized.vcf --reject /results/liftover/transanno/HG002_dragen_chr22.end_rejected.vcf
[transanno] END normalization: 510 accepted, 0 rejected
+ bcftools sort -Oz -o /results/liftover/transanno/HG002_dragen_chr22.hg38.vcf.gz /results/liftover/transanno/HG002_dragen_chr22.hg38.normalized.vcf
Writing to /tmp/bcftools.TkX2i0
Merging 1 temporary files
Done
Cleaning
+ bcftools index -f -t /results/liftover/transanno/HG002_dragen_chr22.hg38.vcf.gz
+ rm -f /results/liftover/transanno/HG002_dragen_chr22.hg38.raw.vcf /results/liftover/transanno/HG002_dragen_chr22.hg38.normalized.vcf /results/liftover/transanno/HG002_dragen_chr22.hg19.nochr.vcf.gz /results/liftover/transanno/HG002_dragen_chr22.hg19.nochr.vcf.gz.tbi
